<area shape="rect" id="node1" href="table-RHNKICKSTARTSESSION.html#t-fk" title="RHNKICKSTARTSESSION" alt="" coords="385,36,563,63">
<area shape="rect" id="node2" href="table-RHNSERVERACTIONVERIFYRESULT.html#t-fk" title="RHNSERVERACTIONVERIFYRESULT" alt="" coords="353,87,595,113">
<area shape="rect" id="node3" href="table-RHNACTIONCONFIGCHANNEL.html#t-fk" title="RHNACTIONCONFIGCHANNEL" alt="" coords="367,137,581,164">
<area shape="rect" id="node4" href="table-RHNACTIONKICKSTART.html#t-fk" title="RHNACTIONKICKSTART" alt="" coords="388,188,560,215">
<area shape="rect" id="node5" href="table-RHNACTIONSCRIPT.html#t-fk" title="RHNACTIONSCRIPT" alt="" coords="401,239,547,265">
<area shape="rect" id="node6" href="table-RHNACTION.html#t-fk" title="RHNACTION" alt="" coords="187,745,288,772">
<area shape="rect" id="node8" href="table-RHNACTIONERRATAUPDATE.html#t-fk" title="RHNACTIONERRATAUPDATE" alt="" coords="373,289,575,316">
<area shape="rect" id="node9" href="table-RHNACTIONPACKAGEREMOVALFAILURE.html#t-fk" title="RHNACTIONPACKAGEREMOVALFAILURE" alt="" coords="336,340,612,367">
<area shape="rect" id="node10" href="table-RHNACTIONIMAGEDEPLOY.html#t-fk" title="RHNACTIONIMAGEDEPLOY" alt="" coords="377,391,571,417">
<area shape="rect" id="node11" href="table-RHNACTIONVIRTRESUME.html#t-fk" title="RHNACTIONVIRTRESUME" alt="" coords="382,441,566,468">
<area shape="rect" id="node12" href="table-RHNACTIONVIRTDESTROY.html#t-fk" title="RHNACTIONVIRTDESTROY" alt="" coords="379,492,569,519">
<area shape="rect" id="node13" href="table-RHNACTIONVIRTSUSPEND.html#t-fk" title="RHNACTIONVIRTSUSPEND" alt="" coords="378,543,570,569">
<area shape="rect" id="node14" href="table-RHNACTIONCONFIGREVISION.html#t-fk" title="RHNACTIONCONFIGREVISION" alt="" coords="367,593,581,620">
<area shape="rect" id="node15" href="table-RHNACTIONCONFIGDATEFILE.html#t-fk" title="RHNACTIONCONFIGDATEFILE" alt="" coords="369,644,579,671">
<area shape="rect" id="node16" href="table-RHNACTIONSCAP.html#t-fk" title="RHNACTIONSCAP" alt="" coords="407,695,541,721">
<area shape="rect" id="node17" href="table-RHNACTIONVIRTREBOOT.html#t-fk" title="RHNACTIONVIRTREBOOT" alt="" coords="382,745,566,772">
<area shape="rect" id="node18" href="table-RHNACTIONVIRTSHUTDOWN.html#t-fk" title="RHNACTIONVIRTSHUTDOWN" alt="" coords="369,796,579,823">
<area shape="rect" id="node19" href="table-RHNACTIONKICKSTARTGUEST.html#t-fk" title="RHNACTIONKICKSTARTGUEST" alt="" coords="366,847,582,873">
<area shape="rect" id="node20" href="table-RHNACTIONCHAINENTRY.html#t-fk" title="RHNACTIONCHAINENTRY" alt="" coords="381,897,567,924">
<area shape="rect" id="node21" href="table-RHNACTIONPACKAGE.html#t-fk" title="RHNACTIONPACKAGE" alt="" coords="393,948,555,975">
<area shape="rect" id="node22" href="table-RHNACTIONVIRTSETMEMORY.html#t-fk" title="RHNACTIONVIRTSETMEMORY" alt="" coords="369,999,579,1025">
<area shape="rect" id="node23" href="table-RHNACTIONVIRTSCHEDULEPOLLER.html#t-fk" title="RHNACTIONVIRTSCHEDULEPOLLER" alt="" coords="349,1049,599,1076">
<area shape="rect" id="node26" href="table-RHNACTIONPACKAGEDELTA.html#t-fk" title="RHNACTIONPACKAGEDELTA" alt="" coords="373,1100,575,1127">
<area shape="rect" id="node27" href="table-RHNACTIONVIRTVCPU.html#t-fk" title="RHNACTIONVIRTVCPU" alt="" coords="391,1151,557,1177">
<area shape="rect" id="node28" href="table-RHNACTIONDAEMONCONFIG.html#t-fk" title="RHNACTIONDAEMONCONFIG" alt="" coords="369,1201,579,1228">
<area shape="rect" id="node29" href="table-RHNKICKSTARTSESSIONHISTORY.html#t-fk" title="RHNKICKSTARTSESSIONHISTORY" alt="" coords="357,1252,591,1279">
<area shape="rect" id="node30" href="table-RHNSERVERACTION.html#t-fk" title="RHNSERVERACTION" alt="" coords="399,1303,549,1329">
<area shape="rect" id="node31" href="table-RHNSERVERACTIONVERIFYMISSING.html#t-fk" title="RHNSERVERACTIONVERIFYMISSING" alt="" coords="349,1353,599,1380">
<area shape="rect" id="node32" href="table-RHNACTIONCONFIGDATE.html#t-fk" title="RHNACTIONCONFIGDATE" alt="" coords="381,1404,567,1431">
<area shape="rect" id="node33" href="table-RHNACTIONVIRTREFRESH.html#t-fk" title="RHNACTIONVIRTREFRESH" alt="" coords="379,1455,569,1481">
<area shape="rect" id="node7" href="table-WEB_CONTACT.html#t-fk" title="WEB_CONTACT" alt="" coords="11,695,133,721">
<area shape="rect" id="node24" href="table-WEB_CUSTOMER.html#t-fk" title="WEB_CUSTOMER" alt="" coords="6,745,138,772">
<area shape="rect" id="node25" href="table-RHNACTIONTYPE.html#t-fk" title="RHNACTIONTYPE" alt="" coords="5,796,139,823">
