<area shape="rect" id="node1" href="table-RHNERRATAFILETMP.html#t-fk" title="RHNERRATAFILETMP" alt="" coords="390,36,543,63">
<area shape="rect" id="node2" href="table-RHNERRATAFILE.html#t-fk" title="RHNERRATAFILE" alt="" coords="403,87,530,113">
<area shape="rect" id="node3" href="table-RHNPACKAGE.html#t-fk" title="RHNPACKAGE" alt="" coords="411,137,523,164">
<area shape="rect" id="node4" href="table-RHNPACKAGEFILE.html#t-fk" title="RHNPACKAGEFILE" alt="" coords="397,188,536,215">
<area shape="rect" id="node5" href="table-RHNFILE.html#t-fk" title="RHNFILE" alt="" coords="428,239,505,265">
<area shape="rect" id="node6" href="table-RHNCHECKSUMTYPE.html#t-fk" title="RHNCHECKSUMTYPE" alt="" coords="5,239,163,265">
<area shape="rect" id="node9" href="table-RHNCHECKSUM.html#t-fk" title="RHNCHECKSUM" alt="" coords="211,239,336,265">
<area shape="rect" id="node7" href="table-RHNCONFIGCONTENT.html#t-fk" title="RHNCONFIGCONTENT" alt="" coords="385,289,549,316">
<area shape="rect" id="node8" href="table-RHNKSTREEFILE.html#t-fk" title="RHNKSTREEFILE" alt="" coords="403,340,530,367">
<area shape="rect" id="node10" href="table-RHNPACKAGESOURCE.html#t-fk" title="RHNPACKAGESOURCE" alt="" coords="384,391,549,417">
