<area shape="rect" id="node1" href="table-RHNERRATAFILETMP.html#t-fk" title="RHNERRATAFILETMP" alt="" coords="411,36,565,63">
<area shape="rect" id="node2" href="table-WEB_CUSTOMER.html#t-fk" title="WEB_CUSTOMER" alt="" coords="21,112,153,139">
<area shape="rect" id="node7" href="table-RHNERRATATMP.html#t-fk" title="RHNERRATATMP" alt="" coords="216,137,343,164">
<area shape="rect" id="node3" href="table-RHNERRATAPACKAGETMP.html#t-fk" title="RHNERRATAPACKAGETMP" alt="" coords="394,87,582,113">
<area shape="rect" id="node4" href="table-RHNERRATABUGLISTTMP.html#t-fk" title="RHNERRATABUGLISTTMP" alt="" coords="397,137,579,164">
<area shape="rect" id="node5" href="table-RHNERRATACLONEDTMP.html#t-fk" title="RHNERRATACLONEDTMP" alt="" coords="397,188,579,215">
<area shape="rect" id="node6" href="table-RHNERRATAKEYWORDTMP.html#t-fk" title="RHNERRATAKEYWORDTMP" alt="" coords="391,239,585,265">
<area shape="rect" id="node8" href="table-RHNERRATASEVERITY.html#t-fk" title="RHNERRATASEVERITY" alt="" coords="5,163,168,189">
