<area shape="rect" id="node1" href="table-RHNKICKSTARTSESSION.html#t-fk" title="RHNKICKSTARTSESSION" alt="" coords="414,49,593,76">
<area shape="rect" id="node2" href="table-RHNREGTOKEN.html#t-fk" title="RHNREGTOKEN" alt="" coords="442,100,565,126">
<area shape="rect" id="node3" href="table-RHNUSERSERVERPERMS.html#t-fk" title="RHNUSERSERVERPERMS" alt="" coords="413,150,593,177">
<area shape="rect" id="node4" href="table-RHNCLIENTCAPABILITY.html#t-fk" title="RHNCLIENTCAPABILITY" alt="" coords="418,201,589,228">
<area shape="rect" id="node5" href="table-RHNSERVERNETINTERFACE.html#t-fk" title="RHNSERVERNETINTERFACE" alt="" coords="404,252,603,278">
<area shape="rect" id="node6" href="table-RHNACTIONCONFIGCHANNEL.html#t-fk" title="RHNACTIONCONFIGCHANNEL" alt="" coords="396,302,611,329">
<area shape="rect" id="node7" href="table-RHNSERVERCRASH.html#t-fk" title="RHNSERVERCRASH" alt="" coords="431,353,575,380">
<area shape="rect" id="node8" href="table-RHNSERVERACTIONPACKAGERESULT.html#t-fk" title="RHNSERVERACTIONPACKAGERESULT" alt="" coords="374,404,633,430">
<area shape="rect" id="node9" href="table-RHNSERVERHISTORY.html#t-fk" title="RHNSERVERHISTORY" alt="" coords="425,454,582,481">
<area shape="rect" id="node10" href="table-RHNPROXYINFO.html#t-fk" title="RHNPROXYINFO" alt="" coords="441,505,566,532">
<area shape="rect" id="node11" href="table-RHNSERVERCONFIGCHANNEL.html#t-fk" title="RHNSERVERCONFIGCHANNEL" alt="" coords="397,556,610,582">
<area shape="rect" id="node12" href="table-RHNSERVERNOTES.html#t-fk" title="RHNSERVERNOTES" alt="" coords="431,606,576,633">
<area shape="rect" id="node13" href="table-RHNUSERSERVERPREFS.html#t-fk" title="RHNUSERSERVERPREFS" alt="" coords="415,657,591,684">
<area shape="rect" id="node14" href="table-RHNXCCDFTESTRESULT.html#t-fk" title="RHNXCCDFTESTRESULT" alt="" coords="416,708,591,734">
<area shape="rect" id="node15" href="table-WEB_CONTACT.html#t-fk" title="WEB_CONTACT" alt="" coords="26,1062,147,1089">
<area shape="rect" id="node28" href="table-RHNSERVER.html#t-fk" title="RHNSERVER" alt="" coords="216,1138,317,1165">
<area shape="rect" id="node16" href="table-RHNSERVERLOCK.html#t-fk" title="RHNSERVERLOCK" alt="" coords="435,758,571,785">
<area shape="rect" id="node17" href="table-RHNSERVERCUSTOMDATAVALUE.html#t-fk" title="RHNSERVERCUSTOMDATAVALUE" alt="" coords="388,809,619,836">
<area shape="rect" id="node18" href="table-RHNSERVERACTIONVERIFYRESULT.html#t-fk" title="RHNSERVERACTIONVERIFYRESULT" alt="" coords="382,860,625,886">
<area shape="rect" id="node19" href="table-RHNSERVERCHANNEL.html#t-fk" title="RHNSERVERCHANNEL" alt="" coords="422,910,585,937">
<area shape="rect" id="node20" href="table-RHNACTIONPACKAGEREMOVALFAILURE.html#t-fk" title="RHNACTIONPACKAGEREMOVALFAILURE" alt="" coords="365,961,641,988">
<area shape="rect" id="node21" href="table-RHNSERVERDMI.html#t-fk" title="RHNSERVERDMI" alt="" coords="440,1012,567,1038">
<area shape="rect" id="node22" href="table-RHNSNAPSHOT.html#t-fk" title="RHNSNAPSHOT" alt="" coords="442,1062,565,1089">
<area shape="rect" id="node23" href="table-RHNSERVERARCH.html#t-fk" title="RHNSERVERARCH" alt="" coords="19,1113,155,1140">
<area shape="rect" id="node24" href="table-RHNSERVERPATH.html#t-fk" title="RHNSERVERPATH" alt="" coords="436,1113,571,1140">
<area shape="rect" id="node25" href="table-RHNSERVERINSTALLINFO.html#t-fk" title="RHNSERVERINSTALLINFO" alt="" coords="411,1164,595,1190">
<area shape="rect" id="node26" href="table-RHNACTIONCONFIGREVISION.html#t-fk" title="RHNACTIONCONFIGREVISION" alt="" coords="397,1214,610,1241">
<area shape="rect" id="node27" href="table-RHNDEVICE.html#t-fk" title="RHNDEVICE" alt="" coords="454,1265,553,1292">
<area shape="rect" id="node30" href="table-RHNACTIONCHAINENTRY.html#t-fk" title="RHNACTIONCHAINENTRY" alt="" coords="411,1316,596,1342">
<area shape="rect" id="node31" href="table-RHNSERVERACTIONSCRIPTRESULT.html#t-fk" title="RHNSERVERACTIONSCRIPTRESULT" alt="" coords="381,1366,625,1393">
<area shape="rect" id="node32" href="table-RHNSNAPSHOTTAG.html#t-fk" title="RHNSNAPSHOTTAG" alt="" coords="429,1417,577,1444">
<area shape="rect" id="node33" href="table-RHNSATELLITEINFO.html#t-fk" title="RHNSATELLITEINFO" alt="" coords="429,1468,577,1494">
<area shape="rect" id="node35" href="table-RHNRAM.html#t-fk" title="RHNRAM" alt="" coords="464,1518,543,1545">
<area shape="rect" id="node36" href="table-RHNSYSTEMMIGRATIONS.html#t-fk" title="RHNSYSTEMMIGRATIONS" alt="" coords="412,1569,595,1596">
<area shape="rect" id="node37" href="table-RHNSERVERNETWORK.html#t-fk" title="RHNSERVERNETWORK" alt="" coords="419,1620,587,1646">
<area shape="rect" id="node38" href="table-RHNSERVERLOCATION.html#t-fk" title="RHNSERVERLOCATION" alt="" coords="420,1670,587,1697">
<area shape="rect" id="node39" href="table-RHNSERVERINFO.html#t-fk" title="RHNSERVERINFO" alt="" coords="437,1721,569,1748">
<area shape="rect" id="node40" href="table-RHNSERVERTOKENREGS.html#t-fk" title="RHNSERVERTOKENREGS" alt="" coords="413,1772,593,1798">
<area shape="rect" id="node41" href="table-RHNSSMOPERATIONSERVER.html#t-fk" title="RHNSSMOPERATIONSERVER" alt="" coords="402,1822,605,1849">
<area shape="rect" id="node42" href="table-RHNSERVERUUID.html#t-fk" title="RHNSERVERUUID" alt="" coords="436,1873,571,1900">
<area shape="rect" id="node43" href="table-RHNSERVERNEEDEDCACHE.html#t-fk" title="RHNSERVERNEEDEDCACHE" alt="" coords="403,1924,603,1950">
<area shape="rect" id="node44" href="table-RHNSERVERGROUPMEMBERS.html#t-fk" title="RHNSERVERGROUPMEMBERS" alt="" coords="397,1974,609,2001">
<area shape="rect" id="node45" href="table-RHNSERVERPACKAGE.html#t-fk" title="RHNSERVERPACKAGE" alt="" coords="422,2025,585,2052">
<area shape="rect" id="node46" href="table-RHNSERVERACTION.html#t-fk" title="RHNSERVERACTION" alt="" coords="428,2076,579,2102">
<area shape="rect" id="node47" href="table-RHNSERVERACTIONVERIFYMISSING.html#t-fk" title="RHNSERVERACTIONVERIFYMISSING" alt="" coords="378,2126,629,2153">
<area shape="rect" id="node48" href="table-RHNSERVEREVENT.html#t-fk" title="RHNSERVEREVENT" alt="" coords="431,2177,575,2204">
<area shape="rect" id="node49" href="table-RHNCPU.html#t-fk" title="RHNCPU" alt="" coords="464,2228,543,2254">
<area shape="rect" id="node50" href="table-RHNVIRTUALINSTANCE.html#t-fk" title="RHNVIRTUALINSTANCE" alt="" coords="418,2278,589,2305">
<area shape="rect" id="node51" href="table-RHNSERVERPRESERVEFILELIST.html#t-fk" title="RHNSERVERPRESERVEFILELIST" alt="" coords="393,2329,613,2356">
<area shape="rect" id="node29" href="table-RHNPROVISIONSTATE.html#t-fk" title="RHNPROVISIONSTATE" alt="" coords="5,1164,168,1190">
<area shape="rect" id="node34" href="table-WEB_CUSTOMER.html#t-fk" title="WEB_CUSTOMER" alt="" coords="21,1214,153,1241">
