<area shape="rect" id="node1" href="table-RHNCONFIGREVISION.html#t-fk" title="RHNCONFIGREVISION" alt="" coords="399,36,561,63">
<area shape="rect" id="node2" href="table-RHNKICKSTARTSESSION.html#t-fk" title="RHNKICKSTARTSESSION" alt="" coords="391,87,569,113">
<area shape="rect" id="node3" href="table-RHNREGTOKEN.html#t-fk" title="RHNREGTOKEN" alt="" coords="419,137,541,164">
<area shape="rect" id="node4" href="table-RHNUSERSERVERPERMS.html#t-fk" title="RHNUSERSERVERPERMS" alt="" coords="390,188,570,215">
<area shape="rect" id="node5" href="table-PXTSESSIONS.html#t-fk" title="PXTSESSIONS" alt="" coords="425,239,535,265">
<area shape="rect" id="node6" href="table-RHNWEBCONTACTCHANGELOG.html#t-fk" title="RHNWEBCONTACTCHANGELOG" alt="" coords="367,289,593,316">
<area shape="rect" id="node7" href="table-RHNSERVERNOTES.html#t-fk" title="RHNSERVERNOTES" alt="" coords="407,340,553,367">
<area shape="rect" id="node8" href="table-RHNUSERSERVERPREFS.html#t-fk" title="RHNUSERSERVERPREFS" alt="" coords="392,391,568,417">
<area shape="rect" id="node9" href="table-RHNACTION.html#t-fk" title="RHNACTION" alt="" coords="429,441,531,468">
<area shape="rect" id="node10" href="table-WEB_CONTACT.html#t-fk" title="WEB_CONTACT" alt="" coords="185,695,307,721">
<area shape="rect" id="node11" href="table-RHNSERVERLOCK.html#t-fk" title="RHNSERVERLOCK" alt="" coords="412,492,548,519">
<area shape="rect" id="node12" href="table-RHNSERVERCUSTOMDATAVALUE.html#t-fk" title="RHNSERVERCUSTOMDATAVALUE" alt="" coords="365,543,595,569">
<area shape="rect" id="node13" href="table-RHNSERVERCRASHNOTE.html#t-fk" title="RHNSERVERCRASHNOTE" alt="" coords="390,593,570,620">
<area shape="rect" id="node14" href="table-WEB_USER_CONTACT_PERMISSION.html#t-fk" title="WEB_USER_CONTACT_PERMISSION" alt="" coords="355,644,605,671">
<area shape="rect" id="node15" href="table-RHNSET.html#t-fk" title="RHNSET" alt="" coords="443,695,517,721">
<area shape="rect" id="node16" href="table-RHNSERVER.html#t-fk" title="RHNSERVER" alt="" coords="429,745,531,772">
<area shape="rect" id="node17" href="table-RHNUSERINFO.html#t-fk" title="RHNUSERINFO" alt="" coords="421,796,539,823">
<area shape="rect" id="node18" href="table-WEB_USER_SITE_INFO.html#t-fk" title="WEB_USER_SITE_INFO" alt="" coords="397,847,563,873">
<area shape="rect" id="node19" href="table-RHNUSERGROUPMEMBERS.html#t-fk" title="RHNUSERGROUPMEMBERS" alt="" coords="381,897,579,924">
<area shape="rect" id="node20" href="table-RHNCUSTOMDATAKEY.html#t-fk" title="RHNCUSTOMDATAKEY" alt="" coords="397,948,563,975">
<area shape="rect" id="node21" href="table-RHNACTIONCHAIN.html#t-fk" title="RHNACTIONCHAIN" alt="" coords="409,999,551,1025">
<area shape="rect" id="node23" href="table-RHNUSERINFOPANE.html#t-fk" title="RHNUSERINFOPANE" alt="" coords="405,1049,555,1076">
<area shape="rect" id="node24" href="table-RHNCHANNELPERMISSION.html#t-fk" title="RHNCHANNELPERMISSION" alt="" coords="383,1100,577,1127">
<area shape="rect" id="node25" href="table-RHNSSMOPERATION.html#t-fk" title="RHNSSMOPERATION" alt="" coords="404,1151,556,1177">
<area shape="rect" id="node26" href="table-RHNRESETPASSWORD.html#t-fk" title="RHNRESETPASSWORD" alt="" coords="397,1201,563,1228">
<area shape="rect" id="node27" href="table-RHNUSERDEFAULTSYSTEMGROUPS.html#t-fk" title="RHNUSERDEFAULTSYSTEMGROUPS" alt="" coords="356,1252,604,1279">
<area shape="rect" id="node28" href="table-RHNFILEDOWNLOAD.html#t-fk" title="RHNFILEDOWNLOAD" alt="" coords="402,1303,558,1329">
<area shape="rect" id="node29" href="table-WEB_USER_PERSONAL_INFO.html#t-fk" title="WEB_USER_PERSONAL_INFO" alt="" coords="376,1353,584,1380">
<area shape="rect" id="node30" href="table-RHNUSERSERVERGROUPPERMS.html#t-fk" title="RHNUSERSERVERGROUPPERMS" alt="" coords="367,1404,593,1431">
<area shape="rect" id="node22" href="table-WEB_CUSTOMER.html#t-fk" title="WEB_CUSTOMER" alt="" coords="5,695,137,721">
